[debug] [2026-07-02T05:20:53.062Z] ----------------------------------------------------------------------
[debug] [2026-07-02T05:20:53.064Z] Command:       /home/h621l/.nvm/versions/node/v22.22.1/bin/node /home/h621l/.npm/_npx/7750544ccf494d8b/node_modules/.bin/firebase login:ci --no-localhost
[debug] [2026-07-02T05:20:53.064Z] CLI Version:   15.22.4
[debug] [2026-07-02T05:20:53.064Z] Platform:      linux
[debug] [2026-07-02T05:20:53.064Z] Node Version:  v22.22.1
[debug] [2026-07-02T05:20:53.065Z] Detected Agent: unknown
[debug] [2026-07-02T05:20:53.065Z] Time:          Thu Jul 02 2026 10:20:53 GMT+0500 (Kazakhstan Time)
[debug] [2026-07-02T05:20:53.065Z] ----------------------------------------------------------------------
[debug] 
[debug] [2026-07-02T05:20:53.066Z] >>> [apiv2][query] GET https://firebase-public.firebaseio.com/cli.json [none]
[warn] ⚠  Authenticating with a `login:ci` token is deprecated and will be removed in a future major version of `firebase-tools`. Instead, use a service account key with `GOOGLE_APPLICATION_CREDENTIALS`: https://cloud.google.com/docs/authentication/getting-started 
[debug] [2026-07-02T05:20:53.082Z] >>> [apiv2][query] POST https://auth.firebase.tools/attest [none]
[debug] [2026-07-02T05:20:53.082Z] >>> [apiv2][body] POST https://auth.firebase.tools/attest {"session_id":"b14ce9b0-8745-4367-9e90-cb9a0b42db11"}
[debug] [2026-07-02T05:20:53.569Z] <<< [apiv2][status] POST https://auth.firebase.tools/attest 200
[debug] [2026-07-02T05:20:53.569Z] <<< [apiv2][body] POST https://auth.firebase.tools/attest {"token":"HTzAVcpTCaNhO6_byJcNMagdvJp0Lc5bvS5VwYZCFhQ"}
[info] 
[info] To sign in to the Firebase CLI:
[info] 
[info] 1. Take note of your session ID:
[info] 
[info]    B14CE
[info] 
[info] 2. Visit the URL below on any device and follow the instructions to get your code:
[info] 
[info]    https://auth.firebase.tools/login?code_challenge=iZQ8iiJCIz34nCqnVr5da7IlZG9TjYDhCMbVhn-osQE&session=b14ce9b0-8745-4367-9e90-cb9a0b42db11&attest=HTzAVcpTCaNhO6_byJcNMagdvJp0Lc5bvS5VwYZCFhQ
[info] 
[info] 3. Paste or enter the authorization code below once you have it:
[info] 
[debug] [2026-07-02T05:20:53.599Z] <<< [apiv2][status] GET https://firebase-public.firebaseio.com/cli.json 200
[debug] [2026-07-02T05:20:53.599Z] <<< [apiv2][body] GET https://firebase-public.firebaseio.com/cli.json {"cloudBuildErrorAfter":1594252800000,"cloudBuildWarnAfter":1590019200000,"defaultNode10After":1594252800000,"minVersion":"3.0.5","node8DeploysDisabledAfter":1613390400000,"node8RuntimeDisabledAfter":1615809600000,"node8WarnAfter":1600128000000}
